[14193:14193:1030/000858.187165:INFO:components/enterprise/browser/controller/chrome_browser_cloud_management_controller.cc:206] No machine level policy manager exists.
[14193:14193:1030/000858.434526:ERROR:dbus/object_proxy.cc:573] Failed to call method: org.freedesktop.DBus.Properties.GetAll: object_path= /org/freedesktop/UPower/devices/DisplayDevice: org.freedesktop.DBus.Error.ServiceUnknown: The name org.freedesktop.UPower was not provided by any .service files
[14193:14193:1030/000858.435602:WARNING:dbus/property.cc:179] GetAll request failed for: org.freedesktop.UPower.Device
[14193:14193:1030/000858.440082:WARNING:ui/base/idle/idle_linux.cc:98] None of the known D-Bus ScreenSaver services could be used.
[14228:14228:1030/000858.593829:WARNING:ui/gfx/linux/gpu_memory_buffer_support_x11.cc:49] dri3 extension not supported.
[14228:14228:1030/000858.658223:WARNING:sandbox/policy/linux/sandbox_linux.cc:414] InitializeSandbox() called with multiple threads in process gpu-process.
[14193:14214:1030/000902.154767:ERROR:google_apis/gcm/engine/registration_request.cc:291] Registration response error message: QUOTA_EXCEEDED
[14339:20:1030/000908.141872:INFO:third_party/blink/renderer/modules/peerconnection/peer_connection_dependency_factory.cc:924] Running WebRTC with a combined Network and Worker thread.
[14193:14193:1030/000908.275168:INFO:CONSOLE:7] "Uncaught (in promise) Error: Unable to resolve specifier 'vacancies' imported from https://officemanager.dodopizza.ru/appshell/dist/initPublicPaths.bundle.3h4HOW2I.js", source: https://officemanager.dodopizza.ru/appshell/dist/supportScripts.bundle.Cg5SS7DQ.js (7)
[14193:14193:1030/000909.709518:INFO:CONSOLE:8] "Error parsing a meta element's content: ';' is not a valid key-value pair separator. Please use ',' instead.", source: https://officemanager.dodopizza.ru/OfficeManager/MaterialConsumption (8)
[14339:20:1030/000910.401993:INFO:third_party/blink/renderer/modules/peerconnection/peer_connection_dependency_factory.cc:924] Running WebRTC with a combined Network and Worker thread.
[14339:21:1030/000913.510006:WARNING:third_party/webrtc/media/engine/webrtc_voice_engine.cc:805] Attempting to stop aecdump when no audio processing module is present
[14229:14236:1030/000915.797712:WARNING:net/spdy/spdy_session.cc:3074] Received HEADERS for invalid stream 19
[14339:20:1030/000916.944025:INFO:third_party/blink/renderer/modules/peerconnection/peer_connection_dependency_factory.cc:924] Running WebRTC with a combined Network and Worker thread.
[14193:14193:1030/000918.441320:INFO:CONSOLE:8] "Error parsing a meta element's content: ';' is not a valid key-value pair separator. Please use ',' instead.", source: https://officemanager.dodopizza.ru/OfficeManager/MaterialConsumption (8)
[14339:20:1030/000918.637478:INFO:third_party/blink/renderer/modules/peerconnection/peer_connection_dependency_factory.cc:924] Running WebRTC with a combined Network and Worker thread.
[14229:14236:1030/000920.254999:WARNING:net/spdy/spdy_session.cc:3074] Received HEADERS for invalid stream 29
[14229:14235:1030/000920.927821:WARNING:net/extras/sqlite/sqlite_persistent_store_backend_base.cc:176] Failed to post task from FlushAndNotifyInBackground@net/extras/sqlite/sqlite_persistent_store_backend_base.cc:226 to client_task_runner_.
[14229:14288:1030/000921.044726:WARNING:net/extras/sqlite/sqlite_persistent_store_backend_base.cc:176] Failed to post task from FlushAndNotifyInBackground@net/extras/sqlite/sqlite_persistent_store_backend_base.cc:226 to client_task_runner_.
[14229:14288:1030/000921.044990:WARNING:net/extras/sqlite/sqlite_persistent_store_backend_base.cc:176] Failed to post task from FlushAndNotifyInBackground@net/extras/sqlite/sqlite_persistent_store_backend_base.cc:226 to client_task_runner_.
